LIST OF PHP ERROR CODES:

00 - invalidoperation - Invalid Operation
01 - loginincorrect - Invalid Login Credentials
02 - useralreadyexists - User Already Exists
03 - passwordsdonotmatch - Passwords do not Match
04 - schoolalreadyexists - School Already Exists
05 - notloggedin - Not Logged In
06 - notenrolled - Not Enrolled in School
07 - lastadministrator - Last Administrator
08 - schooldoesnotexist - School does not Exist
09 - alreadyenrolled - Already Enrolled in School
10 - noelections - No Elections
11 - electioninvalid - Invalid Election
12 - noquestions - No Questions in Election
13 - alreadyvoted - User Already Voted
14 - nousers - No Users
15 - userdoesnotexist - User does not Exist
16 - namemissing - New Election nas no Name
17 - optionmissing - Question has no options
